DEBUG    asyncio:proactor_events.py:631 Using proactor: IocpProactor
DEBUG    asyncio:proactor_events.py:631 Using proactor: IocpProactor
DEBUG    asyncio:proactor_events.py:631 Using proactor: IocpProactor
INFO     app.core.security:security.py:274 Manually cleared JWKS cache.
INFO     app.core.security:security.py:114 Attempting to fetch JWKS keys from https://aidetector.kinde.com/.well-known/jwks.json...
INFO     app.core.security:security.py:124 Successfully fetched 1 JWKS keys. Updating cache.
INFO     app.core.security:security.py:106 Returning JWKS from cache (timestamp: 2025-05-18 08:29:17.999066+00:00, TTL: 1:00:00).
DEBUG    asyncio:proactor_events.py:631 Using proactor: IocpProactor
DEBUG    asyncio:proactor_events.py:631 Using proactor: IocpProactor
INFO     app.core.security:security.py:274 Manually cleared JWKS cache.
INFO     app.core.security:security.py:114 Attempting to fetch JWKS keys from https://aidetector.kinde.com/.well-known/jwks.json...
DEBUG    asyncio:proactor_events.py:631 Using proactor: IocpProactor
DEBUG    asyncio:proactor_events.py:631 Using proactor: IocpProactor
INFO     app.core.security:security.py:274 Manually cleared JWKS cache.
INFO     app.core.security:security.py:114 Attempting to fetch JWKS keys from https://aidetector.kinde.com/.well-known/jwks.json...
DEBUG    asyncio:proactor_events.py:631 Using proactor: IocpProactor
DEBUG    asyncio:proactor_events.py:631 Using proactor: IocpProactor
INFO     app.core.security:security.py:274 Manually cleared JWKS cache.
INFO     app.core.security:security.py:198 Token successfully validated.
DEBUG    asyncio:proactor_events.py:631 Using proactor: IocpProactor
DEBUG    asyncio:proactor_events.py:631 Using proactor: IocpProactor
INFO     app.core.security:security.py:274 Manually cleared JWKS cache.
DEBUG    asyncio:proactor_events.py:631 Using proactor: IocpProactor
DEBUG    asyncio:proactor_events.py:631 Using proactor: IocpProactor
INFO     app.core.security:security.py:274 Manually cleared JWKS cache.
INFO     app.core.security:security.py:274 Manually cleared JWKS cache.
WARNING  app.core.security:security.py:184 Public key with kid 'test_key_1' not found in JWKS. Cache cleared.
DEBUG    asyncio:proactor_events.py:631 Using proactor: IocpProactor
DEBUG    asyncio:proactor_events.py:631 Using proactor: IocpProactor
INFO     app.core.security:security.py:274 Manually cleared JWKS cache.
INFO     app.core.security:security.py:114 Attempting to fetch JWKS keys from https://aidetector.kinde.com/.well-known/jwks.json...
INFO     app.core.security:security.py:124 Successfully fetched 1 JWKS keys. Updating cache.
INFO     app.core.security:security.py:274 Manually cleared JWKS cache.
INFO     app.core.security:security.py:114 Attempting to fetch JWKS keys from https://aidetector.kinde.com/.well-known/jwks.json...
INFO     app.core.security:security.py:124 Successfully fetched 1 JWKS keys. Updating cache.
DEBUG    asyncio:proactor_events.py:631 Using proactor: IocpProactor
DEBUG    asyncio:proactor_events.py:631 Using proactor: IocpProactor
INFO     app.core.security:security.py:274 Manually cleared JWKS cache.
INFO     app.core.security:security.py:114 Attempting to fetch JWKS keys from https://aidetector.kinde.com/.well-known/jwks.json...
INFO     app.core.security:security.py:124 Successfully fetched 1 JWKS keys. Updating cache.
INFO     app.core.security:security.py:106 Returning JWKS from cache (timestamp: 2025-05-18 08:29:18.139681+00:00, TTL: 1:00:00).
DEBUG    asyncio:proactor_events.py:631 Using proactor: IocpProactor
DEBUG    asyncio:proactor_events.py:631 Using proactor: IocpProactor
DEBUG    asyncio:proactor_events.py:631 Using proactor: IocpProactor
DEBUG    asyncio:proactor_events.py:631 Using proactor: IocpProactor
DEBUG    asyncio:proactor_events.py:631 Using proactor: IocpProactor
